apiVersion: v1
kind: Namespace
metadata:
  annotations: {}
  labels:
    name: syn-gitlab-scheduled-merge
  name: syn-gitlab-scheduled-merge
