apiVersion: v1
data: {}
kind: Secret
metadata:
  annotations: {}
  labels:
    app.kubernetes.io/instance: gitlab-scheduled-merge
    app.kubernetes.io/managed-by: commodore
    app.kubernetes.io/name: gitlab-scheduled-merge
    name: gitlab-scheduled-merge
  name: gitlab-scheduled-merge
stringData:
  accessToken: t-silent-test-1234/c-green-test-1234/gitlab-scheduled-merge/gitlab-scheduled-merge/accessToken
type: Opaque
